n/laptop_50.jpeg
n/laptop_49.jpeg
n/laptop_48.jpeg
n/laptop_47.jpeg
n/laptop_46.jpeg
n/laptop_45.png
n/laptop_44.jpeg
n/laptop_43.jpeg
n/laptop_35.jpeg
n/laptop_34.jpeg
n/laptop_33.jpeg
n/laptop_32.jpeg
n/laptop_31.jpeg
n/laptop_30.jpeg
n/laptop_29.jpeg
n/laptop_28.jpeg
n/laptop_20.jpeg
n/laptop_19.jpeg
n/laptop_18.jpeg
n/laptop_17.jpeg
n/laptop_16.jpeg
n/laptop_15.jpeg
n/laptop_14.jpeg
n/laptop_13.png
n/laptop_5.png
n/laptop_4.jpeg
n/laptop_3.jpeg
n/laptop_2.jpeg
n/laptop_1.jpeg
n/tree_45.jpeg
n/tree_44.jpeg
n/tree_43.jpeg
n/tree_42.png
n/tree_41.png
n/tree_40.jpeg
n/tree_39.jpeg
n/tree_38.jpeg
n/tree_30.jpeg
n/tree_29.jpeg
n/tree_28.jpeg
n/tree_27.png
n/tree_26.jpeg
n/tree_25.jpeg
n/tree_24.jpeg
n/tree_23.jpeg
n/bench_45.jpeg
n/bench_44.jpeg
n/bench_43.jpeg
n/bench_42.jpeg
n/bench_41.jpeg
n/bench_40.jpeg
n/bench_39.jpeg
n/bench_38.jpeg
n/bench_30.jpeg
n/bench_29.jpeg
n/bench_28.png
n/bench_27.jpeg
n/bench_26.jpeg
n/bench_25.jpeg
n/bench_24.jpeg
n/bench_23.jpeg
n/bench_15.jpeg
n/bench_14.jpeg
n/bench_13.jpeg
n/bench_12.jpeg
n/bench_11.jpeg
n/bench_10.jpeg
n/bench_9.jpeg
n/bench_8.jpeg
n/bicycle_110.jpeg
n/bicycle_109.jpeg
n/bicycle_108.jpeg
n/bicycle_70.jpeg
n/bicycle_69.png
n/bicycle_68.jpeg
n/bicycle_67.png
n/bicycle_66.jpeg
n/bicycle_65.jpeg
n/bicycle_64.jpeg
n/bicycle_63.jpeg
n/bicycle_55.jpeg
n/bicycle_54.jpeg
n/bicycle_53.jpeg
n/bicycle_52.jpeg
n/bicycle_51.jpeg
n/bicycle_50.jpeg
n/bicycle_49.jpeg
n/bicycle_48.jpeg